{
    "name": "widget",
    "version": "0.0.0",
    "private": true,
    "dependencies": {
        "some": "1.8.1",
        "shite": "1.8.1"
    }
}