<html>
<body>
  <ul>
  
    <li><a href="Gruntfile.js">Gruntfile.js</a></li>
  
    <li><a href="index.html">index.html</a></li>
  
  </ul>
</body>
</html>
