<html>
<body>
<h1>CLIVE</h1>
<ul>
  <li>bread</li>
  <li>milk</li>
</ul>
</body>
</html>